🔗 MomBabyPicks — Daily Link Check
Date: Wed Jun 17 22:08:10 +07 2026
=========================================

📷 1. Cover image check
  ✅ All cover images exist

📌 2. Pin image check
  ✅ All articles have pin images

🔗 3. Internal link check
  ✅ All internal links valid

📌 4. Pinterest pin URL check
  ⚠️  best-baby-bath-tubs-2026 — NEED_PUBLISH (no published URL)
  ✅ best-baby-bottles-for-newborns-2026 — HTTP 200
  ✅ best-baby-bouncers-for-2026 — HTTP 200
  ✅ best-baby-carriers-for-2026 — HTTP 200
  ✅ best-baby-monitors-long-battery-life — HTTP 200
  ⚠️  best-baby-play-mats-2026 — NEED_PUBLISH (no published URL)
  ✅ best-baby-sleep-sacks-for-2026 — HTTP 200
  ⚠️  best-baby-swings-2026 — NEED_PUBLISH (no published URL)
  ✅ best-bottle-warmers — HTTP 200
  ✅ best-breast-pumps — HTTP 200
  ✅ best-diapers-for-newborns-2026 — HTTP 200
  ✅ best-hands-free-wearable-breast-pumps — HTTP 200
  ✅ best-high-chairs-for-babies-2026 — HTTP 200
  ⚠️  best-infant-car-seats-2026 — NEED_PUBLISH (no published URL)
  ✅ bottle-refusal-breastfed-babies — HTTP 200
  ✅ bottle-warmer-safety-guide — HTTP 200
  ✅ breast-pump-cleaning-guide — HTTP 200
  ✅ breastfeeding-essentials — HTTP 200
  ✅ eco-friendly-baby-gear-guide — HTTP 200
  ✅ how-to-choose-breast-pump — HTTP 200
  ✅ momcozy-m5-review — HTTP 200
  ✅ newborn-essentials-checklist — HTTP 200
  ✅ newborn-feeding-essentials — HTTP 200
  ✅ newborn-feeding-station — HTTP 200
  ✅ pace-bottle-feeding-guide — HTTP 200
  ✅ silicone-baby-feeding-products — HTTP 200
  ✅ what-not-to-buy-newborn — HTTP 200
